// Jest Snapshot v1, https://goo.gl/fbAQLP

exports[`SourceMapSource should handle a more complex map 1`] = `
Object {
  "_generatedRanges": "1:0 -> 0:0 (, fn) {
  :14 -> 0:1 () {
    3:0 -> 0:2 at 0:9:2 (num) {
    } at 6:8
  } at 8:1
} at 9:5
10:0 -> 1:6 (, fn) {
  :14 -> 1:19 () {
    12:0 -> 1:26 at 1:9:2 (num) {
    } at 15:8
  } at 17:1
} at 18:5
",
  "_mappings": "1:0 -> [unknown] 8:0, :9 -> [unknown] 8:9 (fn), :11 -> [unknown] 8:11 (fn), :12 -> [unknown] 8:11, :14 -> [unknown] 8:14
2:2 -> [unknown] 9:2 (beforeF), :9 -> [unknown] 9:9
3:2 -> [unknown] 2:2, :6 -> [unknown] 2:6 (num), :9 -> [unknown] 2:9, :12 -> [unknown] 2:12, :13 -> [unknown] 2:13
4:2 -> [unknown] 3:2 (beforeI), :9 -> [unknown] 3:9
5:2 -> [unknown] 4:2 (console), :9 -> [unknown] 4:9, :10 -> [unknown] 4:10 (log), :13 -> [unknown] 4:13, :14 -> [unknown] 4:14, :34 -> [unknown] 4:34, :36 -> [unknown] 4:36 (num), :39 -> [unknown] 4:39, :40 -> [unknown] 4:40
6:2 -> [unknown] 5:2 (afterI), :8 -> [unknown] 5:8
7:2 -> [unknown] 11:2 (afterF), :8 -> [unknown] 11:8
8:0 -> [unknown] 12:0
9:0 -> [unknown] 14:0 (fn), :2 -> [unknown] 14:2, :3 -> [unknown] 14:3, :4 -> [unknown] 14:4, :5 -> [unknown] 14:5
10:0 -> [unknown2] 8:0, :9 -> [unknown2] 8:9 (fn), :11 -> [unknown2] 8:11 (fn), :12 -> [unknown2] 8:11, :14 -> [unknown2] 8:14
11:2 -> [unknown2] 9:2 (beforeF), :9 -> [unknown2] 9:9
12:2 -> [unknown2] 2:2, :6 -> [unknown2] 2:6 (num), :9 -> [unknown2] 2:9, :12 -> [unknown2] 2:12, :13 -> [unknown2] 2:13
13:2 -> [unknown2] 3:2 (beforeI), :9 -> [unknown2] 3:9
14:2 -> [unknown2] 4:2 (console), :9 -> [unknown2] 4:9, :10 -> [unknown2] 4:10 (log), :13 -> [unknown2] 4:13, :14 -> [unknown2] 4:14, :34 -> [unknown2] 4:34, :36 -> [unknown2] 4:36 (num), :39 -> [unknown2] 4:39, :40 -> [unknown2] 4:40
15:2 -> [unknown2] 5:2 (afterI), :8 -> [unknown2] 5:8
16:2 -> [unknown2] 11:2 (afterF), :8 -> [unknown2] 11:8
17:0 -> [unknown2] 12:0
18:0 -> [unknown2] 14:0 (fn), :2 -> [unknown2] 14:2, :3 -> [unknown2] 14:3, :4 -> [unknown2] 14:4, :5 -> [unknown2] 14:5",
  "_originalScopes": Array [
    "1:0 0 (inlineMe, fn) {
  8:14 3 fn {
    1:20 3 inlineMe (num) until 6:1
  } at 12:1
} at 14:6",
    "1:0 0 (inlineMe, fn) {
  8:14 3 fn {
    1:20 3 inlineMe (num) until 6:1
  } at 12:1
} at 14:6",
  ],
  "file": "x",
  "generatedRanges": "AKAADE,cKAC;;AGACASEK;;;Q;;C;K;AKCMDE,cKAa;;AGAOCSEK;;;Q;;C;K",
  "mappings": "AAOA,SAASE,EAAEA,CAAA,EAAG;EACZE,OAAO;EAPP,IAAIC,GAAG,GAAG,CAAC;EACXC,OAAO;EACPC,OAAO,CAACC,GAAG,CAAC,oBAAoB,EAAEH,GAAG,CAAC;EACtCI,MAAM;EAMNC,MAAM;AACR;AAEAR,EAAE,CAAC,CAAC,CAAC;ACNL,SAASA,EAAEA,CAAA,EAAG;EACZE,OAAO;EAPP,IAAIC,GAAG,GAAG,CAAC;EACXC,OAAO;EACPC,OAAO,CAACC,GAAG,CAAC,oBAAoB,EAAEH,GAAG,CAAC;EACtCI,MAAM;EAMNC,MAAM;AACR;AAEAR,EAAE,CAAC,CAAC,CAAC",
  "names": Array [
    "program",
    "inlineMe",
    "fn",
    "function",
    "beforeF",
    "num",
    "beforeI",
    "console",
    "log",
    "afterI",
    "afterF",
  ],
  "originalScopes": Array [
    "AAAACE,OcGCE,PoBGCCK,KC,MC,EM",
    "AAAACE,OcGCE,PoBGCCK,KC,MC,EM",
  ],
  "sources": Array [
    "unknown",
    "unknown2",
  ],
  "sourcesContent": Array [
    "function inlineMe() {
  let num = 3;
  beforeI;
  console.log(\\"Hello from inside!\\", num);
  afterI;
}

function fn() {
  beforeF;
  inlineMe();
  afterF;
}

fn(1);",
    "function inlineMe() {
  let num = 3;
  beforeI;
  console.log(\\"Hello from inside!\\", num);
  afterI;
}

function fn() {
  beforeF;
  inlineMe();
  afterF;
}

fn(1);",
  ],
  "version": 3,
}
`;
